---
source: crates/cribo/tests/test_bundling_snapshots.rs
input_file: crates/cribo/tests/fixtures/bundling/xfail_stickytape_explicit_relative_import/main.py
---
import sys, types
def __cribo_init___cribo_81484f_greetings_messages():
    if '__cribo_81484f_greetings_messages' in sys.modules:
        return sys.modules['__cribo_81484f_greetings_messages']
    module = types.ModuleType('__cribo_81484f_greetings_messages')
    module.__file__ = '/Volumes/workplace/GitHub/ophidiarium/cribo/crates/cribo/tests/fixtures/bundling/xfail_stickytape_explicit_relative_import/greetings/messages.py'
    sys.modules['__cribo_81484f_greetings_messages'] = module
    sys.modules['greetings.messages'] = module
    message = "Hello"
    module.message = message
    return module
def __cribo_init___cribo_ac9895_greetings():
    if '__cribo_ac9895_greetings' in sys.modules:
        return sys.modules['__cribo_ac9895_greetings']
    module = types.ModuleType('__cribo_ac9895_greetings')
    module.__file__ = '/Volumes/workplace/GitHub/ophidiarium/cribo/crates/cribo/tests/fixtures/bundling/xfail_stickytape_explicit_relative_import/greetings/__init__.py'
    sys.modules['__cribo_ac9895_greetings'] = module
    sys.modules['greetings'] = module
    return module
def __cribo_init___cribo_3f3e1c_greetings_greeting():
    if '__cribo_3f3e1c_greetings_greeting' in sys.modules:
        return sys.modules['__cribo_3f3e1c_greetings_greeting']
    module = types.ModuleType('__cribo_3f3e1c_greetings_greeting')
    module.__file__ = '/Volumes/workplace/GitHub/ophidiarium/cribo/crates/cribo/tests/fixtures/bundling/xfail_stickytape_explicit_relative_import/greetings/greeting.py'
    sys.modules['__cribo_3f3e1c_greetings_greeting'] = module
    sys.modules['greetings.greeting'] = module
    from .messages import message
    module.message = message
    __all__ = ["message"]
    module.__all__ = ['message']
    return module
__cribo_modules = {'greetings.messages': '__cribo_81484f_greetings_messages', 'greetings': '__cribo_ac9895_greetings', 'greetings.greeting': '__cribo_3f3e1c_greetings_greeting'}
__cribo_init_functions = {'__cribo_81484f_greetings_messages': __cribo_init___cribo_81484f_greetings_messages, '__cribo_ac9895_greetings': __cribo_init___cribo_ac9895_greetings, '__cribo_3f3e1c_greetings_greeting': __cribo_init___cribo_3f3e1c_greetings_greeting}
class CriboBundledFinder:

    def __init__(self, module_registry, init_functions):
        self.module_registry = module_registry
        self.init_functions = init_functions

    def find_spec(self, fullname, path, target=None):
        if fullname in self.module_registry:
            synthetic_name = self.module_registry[fullname]
            if synthetic_name not in sys.modules:
                init_func = self.init_functions.get(synthetic_name)
                if init_func:
                    init_func()
            import importlib.util
            return importlib.util.find_spec(synthetic_name)
        return None
sys.meta_path.insert(0, CriboBundledFinder(__cribo_modules, __cribo_init_functions))
__cribo_init___cribo_81484f_greetings_messages()
__cribo_init___cribo_ac9895_greetings()
__cribo_init___cribo_3f3e1c_greetings_greeting()
greetings.greeting = sys.modules['greetings.greeting']
print(greetings.greeting.message)
