---
source: crates/cribo/tests/test_cli_stdout.rs
expression: stderr
---
warning: <WORKSPACE> unused manifest key: workspace.package.default-run
    Finished `<PROFILE>` profile [<FLAGS>] target(s) in <TIME>
     Running `<WORKSPACE> --entry nonexistent.py --output output.py --stdout`
error: the argument '--output <OUTPUT>' cannot be used with '--stdout'

Usage: cribo --entry <ENTRY> --output <OUTPUT>

For more information, try '--help'.
