---
source: crates/cribo/tests/test_cli_stdout.rs
expression: stderr
---
SEMANTIC: Starting semantic analysis for module 0
DEBUG: Traversing 5 statements
DEBUG: Added binding 'greet' with ID BindingId(163)
DEBUG: Added binding 'calculate' with ID BindingId(164)
DEBUG: Added binding 'User' with ID BindingId(165)
DEBUG: Processing function definition: main
DEBUG: Added binding 'main' with ID BindingId(166)
DEBUG: Extracting from global scope with 167 bindings
DEBUG: Skipping import/builtin binding: BaseExceptionGroup
DEBUG: Skipping import/builtin binding: FutureWarning
DEBUG: Skipping import/builtin binding: any
DEBUG: Skipping import/builtin binding: ModuleNotFoundError
DEBUG: Skipping import/builtin binding: print
DEBUG: Skipping import/builtin binding: setattr
DEBUG: Skipping import/builtin binding: False
DEBUG: Skipping import/builtin binding: complex
DEBUG: Skipping import/builtin binding: set
DEBUG: Skipping import/builtin binding: classmethod
DEBUG: Skipping import/builtin binding: memoryview
DEBUG: Skipping import/builtin binding: next
DEBUG: Skipping import/builtin binding: EnvironmentError
DEBUG: Skipping import/builtin binding: ProcessLookupError
DEBUG: Skipping import/builtin binding: ConnectionError
DEBUG: Skipping import/builtin binding: oct
DEBUG: Skipping import/builtin binding: BaseException
DEBUG: Skipping import/builtin binding: float
DEBUG: Skipping import/builtin binding: SystemExit
DEBUG: Skipping import/builtin binding: dict
DEBUG: Skipping import/builtin binding: slice
DEBUG: Skipping import/builtin binding: __file__
DEBUG: Skipping import/builtin binding: sum
DEBUG: Skipping import/builtin binding: bin
DEBUG: Skipping import/builtin binding: max
DEBUG: Skipping import/builtin binding: min
DEBUG: Skipping import/builtin binding: InterruptedError
DEBUG: Skipping import/builtin binding: locals
DEBUG: Skipping import/builtin binding: exit
DEBUG: Skipping import/builtin binding: NotImplemented
DEBUG: Skipping import/builtin binding: OSError
DEBUG: Skipping import/builtin binding: LookupError
DEBUG: Skipping import/builtin binding: __annotations__
DEBUG: Skipping import/builtin binding: credits
DEBUG: Skipping import/builtin binding: Ellipsis
DEBUG: Skipping import/builtin binding: FileExistsError
DEBUG: Skipping import/builtin binding: enumerate
DEBUG: Adding function symbol: main
DEBUG: Skipping import/builtin binding: __cached__
DEBUG: Skipping import/builtin binding: StopIteration
DEBUG: Skipping import/builtin binding: RuntimeError
DEBUG: Skipping import/builtin binding: frozenset
DEBUG: Skipping import/builtin binding: UnicodeWarning
DEBUG: Skipping import/builtin binding: FloatingPointError
DEBUG: Skipping import/builtin binding: eval
DEBUG: Skipping import/builtin binding: SystemError
DEBUG: Skipping import/builtin binding: Warning
DEBUG: Skipping import/builtin binding: __build_class__
DEBUG: Skipping import/builtin binding: UnicodeEncodeError
DEBUG: Skipping import/builtin binding: list
DEBUG: Skipping import/builtin binding: BufferError
DEBUG: Skipping import/builtin binding: ImportWarning
DEBUG: Skipping import/builtin binding: ReferenceError
DEBUG: Skipping import/builtin binding: round
DEBUG: Skipping import/builtin binding: ValueError
DEBUG: Skipping import/builtin binding: ArithmeticError
DEBUG: Skipping import/builtin binding: help
DEBUG: Skipping import/builtin binding: int
DEBUG: Skipping import/builtin binding: BlockingIOError
DEBUG: Skipping import/builtin binding: EOFError
DEBUG: Skipping import/builtin binding: isinstance
DEBUG: Skipping import/builtin binding: NotADirectoryError
DEBUG: Skipping import/builtin binding: chr
DEBUG: Skipping import/builtin binding: anext
DEBUG: Skipping import/builtin binding: repr
DEBUG: Skipping import/builtin binding: greet
DEBUG: Skipping import/builtin binding: UnicodeDecodeError
DEBUG: Skipping import/builtin binding: FileNotFoundError
DEBUG: Skipping import/builtin binding: UnicodeTranslateError
DEBUG: Skipping import/builtin binding: ZeroDivisionError
DEBUG: Skipping import/builtin binding: BrokenPipeError
DEBUG: Skipping import/builtin binding: staticmethod
DEBUG: Skipping import/builtin binding: UserWarning
DEBUG: Skipping import/builtin binding: pow
DEBUG: Skipping import/builtin binding: IOError
DEBUG: Skipping import/builtin binding: property
DEBUG: Skipping import/builtin binding: delattr
DEBUG: Skipping import/builtin binding: __builtins__
DEBUG: Skipping import/builtin binding: ConnectionRefusedError
DEBUG: Skipping import/builtin binding: UnboundLocalError
DEBUG: Skipping import/builtin binding: TabError
DEBUG: Skipping import/builtin binding: copyright
DEBUG: Skipping import/builtin binding: ascii
DEBUG: Skipping import/builtin binding: iter
DEBUG: Skipping import/builtin binding: len
DEBUG: Skipping import/builtin binding: hex
DEBUG: Skipping import/builtin binding: TypeError
DEBUG: Skipping import/builtin binding: bool
DEBUG: Skipping import/builtin binding: license
DEBUG: Skipping import/builtin binding: str
DEBUG: Skipping import/builtin binding: ImportError
DEBUG: Skipping import/builtin binding: globals
DEBUG: Skipping import/builtin binding: AttributeError
DEBUG: Skipping import/builtin binding: RecursionError
DEBUG: Skipping import/builtin binding: RuntimeWarning
DEBUG: Skipping import/builtin binding: ord
DEBUG: Skipping import/builtin binding: __loader__
DEBUG: Skipping import/builtin binding: zip
DEBUG: Skipping import/builtin binding: tuple
DEBUG: Skipping import/builtin binding: IndexError
DEBUG: Skipping import/builtin binding: bytearray
DEBUG: Skipping import/builtin binding: issubclass
DEBUG: Skipping import/builtin binding: BytesWarning
DEBUG: Skipping import/builtin binding: PermissionError
DEBUG: Skipping import/builtin binding: PythonFinalizationError
DEBUG: Skipping import/builtin binding: IndentationError
DEBUG: Skipping import/builtin binding: StopAsyncIteration
DEBUG: Skipping import/builtin binding: IsADirectoryError
DEBUG: Skipping import/builtin binding: format
DEBUG: Skipping import/builtin binding: __doc__
DEBUG: Skipping import/builtin binding: aiter
DEBUG: Skipping import/builtin binding: SyntaxWarning
DEBUG: Skipping import/builtin binding: TimeoutError
DEBUG: Skipping import/builtin binding: abs
DEBUG: Skipping import/builtin binding: User
DEBUG: Skipping import/builtin binding: getattr
DEBUG: Skipping import/builtin binding: __name__
DEBUG: Skipping import/builtin binding: map
DEBUG: Skipping import/builtin binding: KeyError
DEBUG: Skipping import/builtin binding: exec
DEBUG: Skipping import/builtin binding: hasattr
DEBUG: Skipping import/builtin binding: super
DEBUG: Skipping import/builtin binding: __spec__
DEBUG: Skipping import/builtin binding: __package__
DEBUG: Skipping import/builtin binding: divmod
DEBUG: Skipping import/builtin binding: ConnectionAbortedError
DEBUG: Skipping import/builtin binding: dir
DEBUG: Skipping import/builtin binding: hash
DEBUG: Skipping import/builtin binding: KeyboardInterrupt
DEBUG: Skipping import/builtin binding: None
DEBUG: Skipping import/builtin binding: callable
DEBUG: Skipping import/builtin binding: EncodingWarning
DEBUG: Skipping import/builtin binding: SyntaxError
DEBUG: Skipping import/builtin binding: NameError
DEBUG: Skipping import/builtin binding: DeprecationWarning
DEBUG: Skipping import/builtin binding: ConnectionResetError
DEBUG: Skipping import/builtin binding: ExceptionGroup
DEBUG: Skipping import/builtin binding: OverflowError
DEBUG: Skipping import/builtin binding: NotImplementedError
DEBUG: Skipping import/builtin binding: PendingDeprecationWarning
DEBUG: Skipping import/builtin binding: UnicodeError
DEBUG: Skipping import/builtin binding: all
DEBUG: Skipping import/builtin binding: compile
DEBUG: Skipping import/builtin binding: sorted
DEBUG: Skipping import/builtin binding: WindowsError
DEBUG: Skipping import/builtin binding: ChildProcessError
DEBUG: Skipping import/builtin binding: True
DEBUG: Skipping import/builtin binding: breakpoint
DEBUG: Skipping import/builtin binding: bytes
DEBUG: Skipping import/builtin binding: type
DEBUG: Skipping import/builtin binding: calculate
DEBUG: Skipping import/builtin binding: GeneratorExit
DEBUG: Skipping import/builtin binding: quit
DEBUG: Skipping import/builtin binding: input
DEBUG: Skipping import/builtin binding: object
DEBUG: Skipping import/builtin binding: reversed
DEBUG: Skipping import/builtin binding: ResourceWarning
DEBUG: Skipping import/builtin binding: MemoryError
DEBUG: Skipping import/builtin binding: range
DEBUG: Skipping import/builtin binding: id
DEBUG: Skipping import/builtin binding: vars
DEBUG: Skipping import/builtin binding: open
DEBUG: Skipping import/builtin binding: filter
DEBUG: Skipping import/builtin binding: __import__
DEBUG: Skipping import/builtin binding: Exception
DEBUG: Skipping import/builtin binding: __debug__
DEBUG: Skipping import/builtin binding: AssertionError
DEBUG: Final extracted symbols: {"main"}
SEMANTIC: Module 0 has symbols: {"main"}
SEMANTIC: Starting semantic analysis for module 1
DEBUG: Traversing 3 statements
DEBUG: Added binding 'User' with ID BindingId(163)
DEBUG: Processing assignment: __all__
DEBUG: Added binding '__all__' with ID BindingId(164)
DEBUG: Extracting from global scope with 165 bindings
DEBUG: Skipping import/builtin binding: BaseExceptionGroup
DEBUG: Skipping import/builtin binding: FutureWarning
DEBUG: Skipping import/builtin binding: any
DEBUG: Skipping import/builtin binding: ModuleNotFoundError
DEBUG: Skipping import/builtin binding: print
DEBUG: Skipping import/builtin binding: setattr
DEBUG: Skipping import/builtin binding: False
DEBUG: Skipping import/builtin binding: complex
DEBUG: Skipping import/builtin binding: set
DEBUG: Skipping import/builtin binding: classmethod
DEBUG: Skipping import/builtin binding: memoryview
DEBUG: Skipping import/builtin binding: next
DEBUG: Skipping import/builtin binding: EnvironmentError
DEBUG: Skipping import/builtin binding: ProcessLookupError
DEBUG: Skipping import/builtin binding: ConnectionError
DEBUG: Skipping import/builtin binding: oct
DEBUG: Skipping import/builtin binding: BaseException
DEBUG: Skipping import/builtin binding: float
DEBUG: Skipping import/builtin binding: SystemExit
DEBUG: Skipping import/builtin binding: dict
DEBUG: Skipping import/builtin binding: slice
DEBUG: Skipping import/builtin binding: __file__
DEBUG: Skipping import/builtin binding: sum
DEBUG: Skipping import/builtin binding: bin
DEBUG: Skipping import/builtin binding: max
DEBUG: Skipping import/builtin binding: min
DEBUG: Skipping import/builtin binding: InterruptedError
DEBUG: Skipping import/builtin binding: locals
DEBUG: Skipping import/builtin binding: exit
DEBUG: Skipping import/builtin binding: NotImplemented
DEBUG: Skipping import/builtin binding: OSError
DEBUG: Skipping import/builtin binding: LookupError
DEBUG: Skipping import/builtin binding: __annotations__
DEBUG: Skipping import/builtin binding: credits
DEBUG: Skipping import/builtin binding: Ellipsis
DEBUG: Skipping import/builtin binding: FileExistsError
DEBUG: Skipping import/builtin binding: enumerate
DEBUG: Skipping import/builtin binding: __cached__
DEBUG: Skipping import/builtin binding: StopIteration
DEBUG: Skipping import/builtin binding: RuntimeError
DEBUG: Skipping import/builtin binding: frozenset
DEBUG: Skipping import/builtin binding: UnicodeWarning
DEBUG: Skipping import/builtin binding: FloatingPointError
DEBUG: Skipping import/builtin binding: eval
DEBUG: Skipping import/builtin binding: SystemError
DEBUG: Skipping import/builtin binding: Warning
DEBUG: Skipping import/builtin binding: __build_class__
DEBUG: Skipping import/builtin binding: UnicodeEncodeError
DEBUG: Skipping import/builtin binding: list
DEBUG: Skipping import/builtin binding: BufferError
DEBUG: Skipping import/builtin binding: ImportWarning
DEBUG: Skipping import/builtin binding: ReferenceError
DEBUG: Skipping import/builtin binding: round
DEBUG: Skipping import/builtin binding: ValueError
DEBUG: Skipping import/builtin binding: ArithmeticError
DEBUG: Skipping import/builtin binding: help
DEBUG: Skipping import/builtin binding: int
DEBUG: Skipping import/builtin binding: BlockingIOError
DEBUG: Skipping import/builtin binding: EOFError
DEBUG: Skipping import/builtin binding: isinstance
DEBUG: Skipping import/builtin binding: NotADirectoryError
DEBUG: Skipping import/builtin binding: chr
DEBUG: Skipping import/builtin binding: anext
DEBUG: Skipping import/builtin binding: repr
DEBUG: Skipping import/builtin binding: UnicodeDecodeError
DEBUG: Skipping import/builtin binding: FileNotFoundError
DEBUG: Skipping import/builtin binding: UnicodeTranslateError
DEBUG: Skipping import/builtin binding: ZeroDivisionError
DEBUG: Skipping import/builtin binding: BrokenPipeError
DEBUG: Skipping import/builtin binding: staticmethod
DEBUG: Skipping import/builtin binding: UserWarning
DEBUG: Skipping import/builtin binding: pow
DEBUG: Skipping import/builtin binding: IOError
DEBUG: Skipping import/builtin binding: property
DEBUG: Skipping import/builtin binding: delattr
DEBUG: Skipping import/builtin binding: __builtins__
DEBUG: Skipping import/builtin binding: ConnectionRefusedError
DEBUG: Skipping import/builtin binding: UnboundLocalError
DEBUG: Skipping import/builtin binding: TabError
DEBUG: Skipping import/builtin binding: copyright
DEBUG: Skipping import/builtin binding: ascii
DEBUG: Skipping import/builtin binding: iter
DEBUG: Skipping import/builtin binding: len
DEBUG: Skipping import/builtin binding: hex
DEBUG: Skipping import/builtin binding: TypeError
DEBUG: Skipping import/builtin binding: bool
DEBUG: Skipping import/builtin binding: license
DEBUG: Skipping import/builtin binding: str
DEBUG: Skipping import/builtin binding: ImportError
DEBUG: Skipping import/builtin binding: globals
DEBUG: Skipping import/builtin binding: AttributeError
DEBUG: Skipping import/builtin binding: RecursionError
DEBUG: Skipping import/builtin binding: RuntimeWarning
DEBUG: Skipping import/builtin binding: ord
DEBUG: Skipping import/builtin binding: __loader__
DEBUG: Skipping import/builtin binding: zip
DEBUG: Skipping import/builtin binding: tuple
DEBUG: Skipping import/builtin binding: IndexError
DEBUG: Skipping import/builtin binding: bytearray
DEBUG: Skipping import/builtin binding: issubclass
DEBUG: Skipping import/builtin binding: BytesWarning
DEBUG: Skipping import/builtin binding: PermissionError
DEBUG: Skipping import/builtin binding: PythonFinalizationError
DEBUG: Skipping import/builtin binding: IndentationError
DEBUG: Skipping import/builtin binding: StopAsyncIteration
DEBUG: Skipping import/builtin binding: IsADirectoryError
DEBUG: Skipping import/builtin binding: format
DEBUG: Skipping import/builtin binding: __doc__
DEBUG: Skipping import/builtin binding: aiter
DEBUG: Skipping import/builtin binding: SyntaxWarning
DEBUG: Skipping import/builtin binding: TimeoutError
DEBUG: Skipping import/builtin binding: abs
DEBUG: Skipping import/builtin binding: User
DEBUG: Skipping import/builtin binding: getattr
DEBUG: Skipping import/builtin binding: __name__
DEBUG: Skipping import/builtin binding: map
DEBUG: Skipping import/builtin binding: KeyError
DEBUG: Skipping import/builtin binding: exec
DEBUG: Skipping import/builtin binding: hasattr
DEBUG: Skipping import/builtin binding: super
DEBUG: Skipping import/builtin binding: __spec__
DEBUG: Skipping import/builtin binding: __package__
DEBUG: Skipping import/builtin binding: divmod
DEBUG: Skipping import/builtin binding: ConnectionAbortedError
DEBUG: Skipping import/builtin binding: dir
DEBUG: Skipping import/builtin binding: hash
DEBUG: Skipping import/builtin binding: KeyboardInterrupt
DEBUG: Skipping import/builtin binding: None
DEBUG: Skipping import/builtin binding: callable
DEBUG: Skipping import/builtin binding: EncodingWarning
DEBUG: Skipping import/builtin binding: SyntaxError
DEBUG: Skipping import/builtin binding: NameError
DEBUG: Skipping import/builtin binding: DeprecationWarning
DEBUG: Skipping import/builtin binding: ConnectionResetError
DEBUG: Skipping import/builtin binding: ExceptionGroup
DEBUG: Skipping import/builtin binding: OverflowError
DEBUG: Skipping import/builtin binding: NotImplementedError
DEBUG: Skipping import/builtin binding: PendingDeprecationWarning
DEBUG: Skipping import/builtin binding: UnicodeError
DEBUG: Skipping import/builtin binding: all
DEBUG: Skipping import/builtin binding: compile
DEBUG: Skipping import/builtin binding: sorted
DEBUG: Skipping import/builtin binding: WindowsError
DEBUG: Skipping import/builtin binding: ChildProcessError
DEBUG: Skipping import/builtin binding: True
DEBUG: Skipping import/builtin binding: breakpoint
DEBUG: Skipping import/builtin binding: bytes
DEBUG: Skipping import/builtin binding: type
DEBUG: Skipping import/builtin binding: GeneratorExit
DEBUG: Skipping import/builtin binding: quit
DEBUG: Skipping import/builtin binding: input
DEBUG: Skipping import/builtin binding: object
DEBUG: Skipping import/builtin binding: reversed
DEBUG: Skipping import/builtin binding: ResourceWarning
DEBUG: Skipping import/builtin binding: MemoryError
DEBUG: Skipping import/builtin binding: range
DEBUG: Skipping import/builtin binding: id
DEBUG: Skipping import/builtin binding: vars
DEBUG: Skipping import/builtin binding: open
DEBUG: Skipping import/builtin binding: filter
DEBUG: Skipping import/builtin binding: __import__
DEBUG: Skipping import/builtin binding: Exception
DEBUG: Skipping import/builtin binding: __debug__
DEBUG: Skipping import/builtin binding: AssertionError
DEBUG: Final extracted symbols: {}
SEMANTIC: Module 1 has symbols: {}
SEMANTIC: Starting semantic analysis for module 2
DEBUG: Traversing 4 statements
DEBUG: Added binding 'dataclass' with ID BindingId(163)
DEBUG: Added binding 'Optional' with ID BindingId(164)
DEBUG: Processing class definition: User
DEBUG: Added binding 'User' with ID BindingId(165)
DEBUG: Extracting from global scope with 166 bindings
DEBUG: Skipping import/builtin binding: BaseExceptionGroup
DEBUG: Skipping import/builtin binding: FutureWarning
DEBUG: Skipping import/builtin binding: any
DEBUG: Skipping import/builtin binding: ModuleNotFoundError
DEBUG: Skipping import/builtin binding: print
DEBUG: Skipping import/builtin binding: setattr
DEBUG: Skipping import/builtin binding: False
DEBUG: Skipping import/builtin binding: complex
DEBUG: Skipping import/builtin binding: set
DEBUG: Skipping import/builtin binding: classmethod
DEBUG: Skipping import/builtin binding: memoryview
DEBUG: Skipping import/builtin binding: next
DEBUG: Skipping import/builtin binding: EnvironmentError
DEBUG: Skipping import/builtin binding: ProcessLookupError
DEBUG: Skipping import/builtin binding: ConnectionError
DEBUG: Skipping import/builtin binding: oct
DEBUG: Skipping import/builtin binding: BaseException
DEBUG: Skipping import/builtin binding: float
DEBUG: Skipping import/builtin binding: SystemExit
DEBUG: Skipping import/builtin binding: dict
DEBUG: Skipping import/builtin binding: slice
DEBUG: Skipping import/builtin binding: __file__
DEBUG: Skipping import/builtin binding: sum
DEBUG: Skipping import/builtin binding: bin
DEBUG: Skipping import/builtin binding: max
DEBUG: Skipping import/builtin binding: min
DEBUG: Skipping import/builtin binding: InterruptedError
DEBUG: Skipping import/builtin binding: locals
DEBUG: Skipping import/builtin binding: exit
DEBUG: Skipping import/builtin binding: NotImplemented
DEBUG: Skipping import/builtin binding: OSError
DEBUG: Skipping import/builtin binding: LookupError
DEBUG: Skipping import/builtin binding: __annotations__
DEBUG: Skipping import/builtin binding: credits
DEBUG: Skipping import/builtin binding: Ellipsis
DEBUG: Skipping import/builtin binding: FileExistsError
DEBUG: Skipping import/builtin binding: Optional
DEBUG: Skipping import/builtin binding: enumerate
DEBUG: Skipping import/builtin binding: __cached__
DEBUG: Skipping import/builtin binding: StopIteration
DEBUG: Skipping import/builtin binding: RuntimeError
DEBUG: Skipping import/builtin binding: frozenset
DEBUG: Skipping import/builtin binding: UnicodeWarning
DEBUG: Skipping import/builtin binding: FloatingPointError
DEBUG: Skipping import/builtin binding: eval
DEBUG: Skipping import/builtin binding: SystemError
DEBUG: Skipping import/builtin binding: Warning
DEBUG: Skipping import/builtin binding: __build_class__
DEBUG: Skipping import/builtin binding: UnicodeEncodeError
DEBUG: Skipping import/builtin binding: list
DEBUG: Skipping import/builtin binding: BufferError
DEBUG: Skipping import/builtin binding: ImportWarning
DEBUG: Skipping import/builtin binding: ReferenceError
DEBUG: Skipping import/builtin binding: round
DEBUG: Skipping import/builtin binding: ValueError
DEBUG: Skipping import/builtin binding: ArithmeticError
DEBUG: Skipping import/builtin binding: help
DEBUG: Skipping import/builtin binding: int
DEBUG: Skipping import/builtin binding: BlockingIOError
DEBUG: Skipping import/builtin binding: EOFError
DEBUG: Skipping import/builtin binding: isinstance
DEBUG: Skipping import/builtin binding: NotADirectoryError
DEBUG: Skipping import/builtin binding: chr
DEBUG: Skipping import/builtin binding: anext
DEBUG: Skipping import/builtin binding: repr
DEBUG: Skipping import/builtin binding: UnicodeDecodeError
DEBUG: Skipping import/builtin binding: FileNotFoundError
DEBUG: Skipping import/builtin binding: UnicodeTranslateError
DEBUG: Skipping import/builtin binding: ZeroDivisionError
DEBUG: Skipping import/builtin binding: BrokenPipeError
DEBUG: Skipping import/builtin binding: staticmethod
DEBUG: Skipping import/builtin binding: UserWarning
DEBUG: Skipping import/builtin binding: pow
DEBUG: Skipping import/builtin binding: IOError
DEBUG: Skipping import/builtin binding: property
DEBUG: Skipping import/builtin binding: delattr
DEBUG: Skipping import/builtin binding: __builtins__
DEBUG: Skipping import/builtin binding: ConnectionRefusedError
DEBUG: Skipping import/builtin binding: UnboundLocalError
DEBUG: Skipping import/builtin binding: TabError
DEBUG: Skipping import/builtin binding: copyright
DEBUG: Skipping import/builtin binding: ascii
DEBUG: Skipping import/builtin binding: iter
DEBUG: Skipping import/builtin binding: len
DEBUG: Skipping import/builtin binding: hex
DEBUG: Skipping import/builtin binding: TypeError
DEBUG: Skipping import/builtin binding: bool
DEBUG: Skipping import/builtin binding: license
DEBUG: Skipping import/builtin binding: str
DEBUG: Skipping import/builtin binding: ImportError
DEBUG: Skipping import/builtin binding: globals
DEBUG: Skipping import/builtin binding: AttributeError
DEBUG: Skipping import/builtin binding: RecursionError
DEBUG: Skipping import/builtin binding: RuntimeWarning
DEBUG: Skipping import/builtin binding: ord
DEBUG: Skipping import/builtin binding: __loader__
DEBUG: Skipping import/builtin binding: zip
DEBUG: Skipping import/builtin binding: tuple
DEBUG: Skipping import/builtin binding: IndexError
DEBUG: Skipping import/builtin binding: bytearray
DEBUG: Skipping import/builtin binding: issubclass
DEBUG: Skipping import/builtin binding: BytesWarning
DEBUG: Skipping import/builtin binding: PermissionError
DEBUG: Skipping import/builtin binding: dataclass
DEBUG: Skipping import/builtin binding: PythonFinalizationError
DEBUG: Skipping import/builtin binding: IndentationError
DEBUG: Skipping import/builtin binding: StopAsyncIteration
DEBUG: Skipping import/builtin binding: IsADirectoryError
DEBUG: Skipping import/builtin binding: format
DEBUG: Skipping import/builtin binding: __doc__
DEBUG: Skipping import/builtin binding: aiter
DEBUG: Skipping import/builtin binding: SyntaxWarning
DEBUG: Skipping import/builtin binding: TimeoutError
DEBUG: Skipping import/builtin binding: abs
DEBUG: Adding class symbol: User
DEBUG: Skipping import/builtin binding: getattr
DEBUG: Skipping import/builtin binding: __name__
DEBUG: Skipping import/builtin binding: map
DEBUG: Skipping import/builtin binding: KeyError
DEBUG: Skipping import/builtin binding: exec
DEBUG: Skipping import/builtin binding: hasattr
DEBUG: Skipping import/builtin binding: super
DEBUG: Skipping import/builtin binding: __spec__
DEBUG: Skipping import/builtin binding: __package__
DEBUG: Skipping import/builtin binding: divmod
DEBUG: Skipping import/builtin binding: ConnectionAbortedError
DEBUG: Skipping import/builtin binding: dir
DEBUG: Skipping import/builtin binding: hash
DEBUG: Skipping import/builtin binding: KeyboardInterrupt
DEBUG: Skipping import/builtin binding: None
DEBUG: Skipping import/builtin binding: callable
DEBUG: Skipping import/builtin binding: EncodingWarning
DEBUG: Skipping import/builtin binding: SyntaxError
DEBUG: Skipping import/builtin binding: NameError
DEBUG: Skipping import/builtin binding: DeprecationWarning
DEBUG: Skipping import/builtin binding: ConnectionResetError
DEBUG: Skipping import/builtin binding: ExceptionGroup
DEBUG: Skipping import/builtin binding: OverflowError
DEBUG: Skipping import/builtin binding: NotImplementedError
DEBUG: Skipping import/builtin binding: PendingDeprecationWarning
DEBUG: Skipping import/builtin binding: UnicodeError
DEBUG: Skipping import/builtin binding: all
DEBUG: Skipping import/builtin binding: compile
DEBUG: Skipping import/builtin binding: sorted
DEBUG: Skipping import/builtin binding: WindowsError
DEBUG: Skipping import/builtin binding: ChildProcessError
DEBUG: Skipping import/builtin binding: True
DEBUG: Skipping import/builtin binding: breakpoint
DEBUG: Skipping import/builtin binding: bytes
DEBUG: Skipping import/builtin binding: type
DEBUG: Skipping import/builtin binding: GeneratorExit
DEBUG: Skipping import/builtin binding: quit
DEBUG: Skipping import/builtin binding: input
DEBUG: Skipping import/builtin binding: object
DEBUG: Skipping import/builtin binding: reversed
DEBUG: Skipping import/builtin binding: ResourceWarning
DEBUG: Skipping import/builtin binding: MemoryError
DEBUG: Skipping import/builtin binding: range
DEBUG: Skipping import/builtin binding: id
DEBUG: Skipping import/builtin binding: vars
DEBUG: Skipping import/builtin binding: open
DEBUG: Skipping import/builtin binding: filter
DEBUG: Skipping import/builtin binding: __import__
DEBUG: Skipping import/builtin binding: Exception
DEBUG: Skipping import/builtin binding: __debug__
DEBUG: Skipping import/builtin binding: AssertionError
DEBUG: Final extracted symbols: {"User"}
SEMANTIC: Module 2 has symbols: {"User"}
SEMANTIC: Starting semantic analysis for module 3
DEBUG: Traversing 3 statements
DEBUG: Added binding 'greet' with ID BindingId(163)
DEBUG: Added binding 'calculate' with ID BindingId(164)
DEBUG: Added binding 'get_system_info' with ID BindingId(165)
DEBUG: Processing assignment: __all__
DEBUG: Added binding '__all__' with ID BindingId(166)
DEBUG: Extracting from global scope with 167 bindings
DEBUG: Skipping import/builtin binding: BaseExceptionGroup
DEBUG: Skipping import/builtin binding: FutureWarning
DEBUG: Skipping import/builtin binding: any
DEBUG: Skipping import/builtin binding: ModuleNotFoundError
DEBUG: Skipping import/builtin binding: print
DEBUG: Skipping import/builtin binding: setattr
DEBUG: Skipping import/builtin binding: False
DEBUG: Skipping import/builtin binding: complex
DEBUG: Skipping import/builtin binding: set
DEBUG: Skipping import/builtin binding: classmethod
DEBUG: Skipping import/builtin binding: memoryview
DEBUG: Skipping import/builtin binding: next
DEBUG: Skipping import/builtin binding: EnvironmentError
DEBUG: Skipping import/builtin binding: ProcessLookupError
DEBUG: Skipping import/builtin binding: ConnectionError
DEBUG: Skipping import/builtin binding: oct
DEBUG: Skipping import/builtin binding: BaseException
DEBUG: Skipping import/builtin binding: float
DEBUG: Skipping import/builtin binding: SystemExit
DEBUG: Skipping import/builtin binding: dict
DEBUG: Skipping import/builtin binding: slice
DEBUG: Skipping import/builtin binding: __file__
DEBUG: Skipping import/builtin binding: sum
DEBUG: Skipping import/builtin binding: bin
DEBUG: Skipping import/builtin binding: max
DEBUG: Skipping import/builtin binding: min
DEBUG: Skipping import/builtin binding: InterruptedError
DEBUG: Skipping import/builtin binding: locals
DEBUG: Skipping import/builtin binding: exit
DEBUG: Skipping import/builtin binding: NotImplemented
DEBUG: Skipping import/builtin binding: OSError
DEBUG: Skipping import/builtin binding: LookupError
DEBUG: Skipping import/builtin binding: __annotations__
DEBUG: Skipping import/builtin binding: credits
DEBUG: Skipping import/builtin binding: Ellipsis
DEBUG: Skipping import/builtin binding: FileExistsError
DEBUG: Skipping import/builtin binding: enumerate
DEBUG: Skipping import/builtin binding: __cached__
DEBUG: Skipping import/builtin binding: StopIteration
DEBUG: Skipping import/builtin binding: RuntimeError
DEBUG: Skipping import/builtin binding: frozenset
DEBUG: Skipping import/builtin binding: UnicodeWarning
DEBUG: Skipping import/builtin binding: FloatingPointError
DEBUG: Skipping import/builtin binding: eval
DEBUG: Skipping import/builtin binding: SystemError
DEBUG: Skipping import/builtin binding: Warning
DEBUG: Skipping import/builtin binding: __build_class__
DEBUG: Skipping import/builtin binding: UnicodeEncodeError
DEBUG: Skipping import/builtin binding: list
DEBUG: Skipping import/builtin binding: BufferError
DEBUG: Skipping import/builtin binding: ImportWarning
DEBUG: Skipping import/builtin binding: ReferenceError
DEBUG: Skipping import/builtin binding: round
DEBUG: Skipping import/builtin binding: ValueError
DEBUG: Skipping import/builtin binding: ArithmeticError
DEBUG: Skipping import/builtin binding: help
DEBUG: Skipping import/builtin binding: int
DEBUG: Skipping import/builtin binding: BlockingIOError
DEBUG: Skipping import/builtin binding: EOFError
DEBUG: Skipping import/builtin binding: isinstance
DEBUG: Skipping import/builtin binding: NotADirectoryError
DEBUG: Skipping import/builtin binding: chr
DEBUG: Skipping import/builtin binding: anext
DEBUG: Skipping import/builtin binding: repr
DEBUG: Skipping import/builtin binding: greet
DEBUG: Skipping import/builtin binding: UnicodeDecodeError
DEBUG: Skipping import/builtin binding: FileNotFoundError
DEBUG: Skipping import/builtin binding: UnicodeTranslateError
DEBUG: Skipping import/builtin binding: ZeroDivisionError
DEBUG: Skipping import/builtin binding: BrokenPipeError
DEBUG: Skipping import/builtin binding: staticmethod
DEBUG: Skipping import/builtin binding: UserWarning
DEBUG: Skipping import/builtin binding: pow
DEBUG: Skipping import/builtin binding: IOError
DEBUG: Skipping import/builtin binding: property
DEBUG: Skipping import/builtin binding: delattr
DEBUG: Skipping import/builtin binding: __builtins__
DEBUG: Skipping import/builtin binding: ConnectionRefusedError
DEBUG: Skipping import/builtin binding: UnboundLocalError
DEBUG: Skipping import/builtin binding: TabError
DEBUG: Skipping import/builtin binding: copyright
DEBUG: Skipping import/builtin binding: ascii
DEBUG: Skipping import/builtin binding: iter
DEBUG: Skipping import/builtin binding: len
DEBUG: Skipping import/builtin binding: hex
DEBUG: Skipping import/builtin binding: TypeError
DEBUG: Skipping import/builtin binding: bool
DEBUG: Skipping import/builtin binding: license
DEBUG: Skipping import/builtin binding: str
DEBUG: Skipping import/builtin binding: ImportError
DEBUG: Skipping import/builtin binding: globals
DEBUG: Skipping import/builtin binding: AttributeError
DEBUG: Skipping import/builtin binding: RecursionError
DEBUG: Skipping import/builtin binding: RuntimeWarning
DEBUG: Skipping import/builtin binding: ord
DEBUG: Skipping import/builtin binding: __loader__
DEBUG: Skipping import/builtin binding: zip
DEBUG: Skipping import/builtin binding: tuple
DEBUG: Skipping import/builtin binding: IndexError
DEBUG: Skipping import/builtin binding: bytearray
DEBUG: Skipping import/builtin binding: issubclass
DEBUG: Skipping import/builtin binding: BytesWarning
DEBUG: Skipping import/builtin binding: PermissionError
DEBUG: Skipping import/builtin binding: PythonFinalizationError
DEBUG: Skipping import/builtin binding: IndentationError
DEBUG: Skipping import/builtin binding: StopAsyncIteration
DEBUG: Skipping import/builtin binding: IsADirectoryError
DEBUG: Skipping import/builtin binding: format
DEBUG: Skipping import/builtin binding: __doc__
DEBUG: Skipping import/builtin binding: aiter
DEBUG: Skipping import/builtin binding: SyntaxWarning
DEBUG: Skipping import/builtin binding: TimeoutError
DEBUG: Skipping import/builtin binding: abs
DEBUG: Skipping import/builtin binding: getattr
DEBUG: Skipping import/builtin binding: __name__
DEBUG: Skipping import/builtin binding: get_system_info
DEBUG: Skipping import/builtin binding: map
DEBUG: Skipping import/builtin binding: KeyError
DEBUG: Skipping import/builtin binding: exec
DEBUG: Skipping import/builtin binding: hasattr
DEBUG: Skipping import/builtin binding: super
DEBUG: Skipping import/builtin binding: __spec__
DEBUG: Skipping import/builtin binding: __package__
DEBUG: Skipping import/builtin binding: divmod
DEBUG: Skipping import/builtin binding: ConnectionAbortedError
DEBUG: Skipping import/builtin binding: dir
DEBUG: Skipping import/builtin binding: hash
DEBUG: Skipping import/builtin binding: KeyboardInterrupt
DEBUG: Skipping import/builtin binding: None
DEBUG: Skipping import/builtin binding: callable
DEBUG: Skipping import/builtin binding: EncodingWarning
DEBUG: Skipping import/builtin binding: SyntaxError
DEBUG: Skipping import/builtin binding: NameError
DEBUG: Skipping import/builtin binding: DeprecationWarning
DEBUG: Skipping import/builtin binding: ConnectionResetError
DEBUG: Skipping import/builtin binding: ExceptionGroup
DEBUG: Skipping import/builtin binding: OverflowError
DEBUG: Skipping import/builtin binding: NotImplementedError
DEBUG: Skipping import/builtin binding: PendingDeprecationWarning
DEBUG: Skipping import/builtin binding: UnicodeError
DEBUG: Skipping import/builtin binding: all
DEBUG: Skipping import/builtin binding: compile
DEBUG: Skipping import/builtin binding: sorted
DEBUG: Skipping import/builtin binding: WindowsError
DEBUG: Skipping import/builtin binding: ChildProcessError
DEBUG: Skipping import/builtin binding: True
DEBUG: Skipping import/builtin binding: breakpoint
DEBUG: Skipping import/builtin binding: bytes
DEBUG: Skipping import/builtin binding: type
DEBUG: Skipping import/builtin binding: calculate
DEBUG: Skipping import/builtin binding: GeneratorExit
DEBUG: Skipping import/builtin binding: quit
DEBUG: Skipping import/builtin binding: input
DEBUG: Skipping import/builtin binding: object
DEBUG: Skipping import/builtin binding: reversed
DEBUG: Skipping import/builtin binding: ResourceWarning
DEBUG: Skipping import/builtin binding: MemoryError
DEBUG: Skipping import/builtin binding: range
DEBUG: Skipping import/builtin binding: id
DEBUG: Skipping import/builtin binding: vars
DEBUG: Skipping import/builtin binding: open
DEBUG: Skipping import/builtin binding: filter
DEBUG: Skipping import/builtin binding: __import__
DEBUG: Skipping import/builtin binding: Exception
DEBUG: Skipping import/builtin binding: __debug__
DEBUG: Skipping import/builtin binding: AssertionError
DEBUG: Final extracted symbols: {}
SEMANTIC: Module 3 has symbols: {}
SEMANTIC: Starting semantic analysis for module 4
DEBUG: Traversing 7 statements
DEBUG: Added binding 'os' with ID BindingId(163)
DEBUG: Added binding 'sys' with ID BindingId(164)
DEBUG: Added binding 'Union' with ID BindingId(165)
DEBUG: Processing function definition: greet
DEBUG: Added binding 'greet' with ID BindingId(166)
DEBUG: Processing function definition: calculate
DEBUG: Added binding 'calculate' with ID BindingId(167)
DEBUG: Processing function definition: get_system_info
DEBUG: Added binding 'get_system_info' with ID BindingId(168)
DEBUG: Extracting from global scope with 169 bindings
DEBUG: Skipping import/builtin binding: BaseExceptionGroup
DEBUG: Skipping import/builtin binding: FutureWarning
DEBUG: Skipping import/builtin binding: any
DEBUG: Skipping import/builtin binding: ModuleNotFoundError
DEBUG: Skipping import/builtin binding: print
DEBUG: Skipping import/builtin binding: setattr
DEBUG: Skipping import/builtin binding: False
DEBUG: Skipping import/builtin binding: complex
DEBUG: Skipping import/builtin binding: set
DEBUG: Skipping import/builtin binding: classmethod
DEBUG: Skipping import/builtin binding: memoryview
DEBUG: Skipping import/builtin binding: next
DEBUG: Skipping import/builtin binding: EnvironmentError
DEBUG: Skipping import/builtin binding: ProcessLookupError
DEBUG: Skipping import/builtin binding: ConnectionError
DEBUG: Skipping import/builtin binding: oct
DEBUG: Skipping import/builtin binding: BaseException
DEBUG: Skipping import/builtin binding: float
DEBUG: Skipping import/builtin binding: SystemExit
DEBUG: Skipping import/builtin binding: dict
DEBUG: Skipping import/builtin binding: slice
DEBUG: Skipping import/builtin binding: __file__
DEBUG: Skipping import/builtin binding: sum
DEBUG: Skipping import/builtin binding: bin
DEBUG: Skipping import/builtin binding: max
DEBUG: Skipping import/builtin binding: min
DEBUG: Skipping import/builtin binding: InterruptedError
DEBUG: Skipping import/builtin binding: locals
DEBUG: Skipping import/builtin binding: exit
DEBUG: Skipping import/builtin binding: NotImplemented
DEBUG: Skipping import/builtin binding: OSError
DEBUG: Skipping import/builtin binding: LookupError
DEBUG: Skipping import/builtin binding: __annotations__
DEBUG: Skipping import/builtin binding: credits
DEBUG: Skipping import/builtin binding: Ellipsis
DEBUG: Skipping import/builtin binding: FileExistsError
DEBUG: Skipping import/builtin binding: enumerate
DEBUG: Skipping import/builtin binding: __cached__
DEBUG: Skipping import/builtin binding: StopIteration
DEBUG: Skipping import/builtin binding: RuntimeError
DEBUG: Skipping import/builtin binding: frozenset
DEBUG: Skipping import/builtin binding: UnicodeWarning
DEBUG: Skipping import/builtin binding: FloatingPointError
DEBUG: Skipping import/builtin binding: sys
DEBUG: Skipping import/builtin binding: eval
DEBUG: Skipping import/builtin binding: SystemError
DEBUG: Skipping import/builtin binding: Warning
DEBUG: Skipping import/builtin binding: __build_class__
DEBUG: Skipping import/builtin binding: UnicodeEncodeError
DEBUG: Skipping import/builtin binding: list
DEBUG: Skipping import/builtin binding: BufferError
DEBUG: Skipping import/builtin binding: ImportWarning
DEBUG: Skipping import/builtin binding: ReferenceError
DEBUG: Skipping import/builtin binding: round
DEBUG: Skipping import/builtin binding: ValueError
DEBUG: Skipping import/builtin binding: ArithmeticError
DEBUG: Skipping import/builtin binding: help
DEBUG: Skipping import/builtin binding: int
DEBUG: Skipping import/builtin binding: BlockingIOError
DEBUG: Skipping import/builtin binding: EOFError
DEBUG: Skipping import/builtin binding: isinstance
DEBUG: Skipping import/builtin binding: NotADirectoryError
DEBUG: Skipping import/builtin binding: chr
DEBUG: Skipping import/builtin binding: anext
DEBUG: Skipping import/builtin binding: repr
DEBUG: Adding function symbol: greet
DEBUG: Skipping import/builtin binding: UnicodeDecodeError
DEBUG: Skipping import/builtin binding: FileNotFoundError
DEBUG: Skipping import/builtin binding: UnicodeTranslateError
DEBUG: Skipping import/builtin binding: ZeroDivisionError
DEBUG: Skipping import/builtin binding: BrokenPipeError
DEBUG: Skipping import/builtin binding: staticmethod
DEBUG: Skipping import/builtin binding: UserWarning
DEBUG: Skipping import/builtin binding: pow
DEBUG: Skipping import/builtin binding: IOError
DEBUG: Skipping import/builtin binding: property
DEBUG: Skipping import/builtin binding: delattr
DEBUG: Skipping import/builtin binding: __builtins__
DEBUG: Skipping import/builtin binding: ConnectionRefusedError
DEBUG: Skipping import/builtin binding: UnboundLocalError
DEBUG: Skipping import/builtin binding: TabError
DEBUG: Skipping import/builtin binding: copyright
DEBUG: Skipping import/builtin binding: ascii
DEBUG: Skipping import/builtin binding: iter
DEBUG: Skipping import/builtin binding: len
DEBUG: Skipping import/builtin binding: hex
DEBUG: Skipping import/builtin binding: TypeError
DEBUG: Skipping import/builtin binding: bool
DEBUG: Skipping import/builtin binding: license
DEBUG: Skipping import/builtin binding: str
DEBUG: Skipping import/builtin binding: ImportError
DEBUG: Skipping import/builtin binding: os
DEBUG: Skipping import/builtin binding: globals
DEBUG: Skipping import/builtin binding: Union
DEBUG: Skipping import/builtin binding: AttributeError
DEBUG: Skipping import/builtin binding: RecursionError
DEBUG: Skipping import/builtin binding: RuntimeWarning
DEBUG: Skipping import/builtin binding: ord
DEBUG: Skipping import/builtin binding: __loader__
DEBUG: Skipping import/builtin binding: zip
DEBUG: Skipping import/builtin binding: tuple
DEBUG: Skipping import/builtin binding: IndexError
DEBUG: Skipping import/builtin binding: bytearray
DEBUG: Skipping import/builtin binding: issubclass
DEBUG: Skipping import/builtin binding: BytesWarning
DEBUG: Skipping import/builtin binding: PermissionError
DEBUG: Skipping import/builtin binding: PythonFinalizationError
DEBUG: Skipping import/builtin binding: IndentationError
DEBUG: Skipping import/builtin binding: StopAsyncIteration
DEBUG: Skipping import/builtin binding: IsADirectoryError
DEBUG: Skipping import/builtin binding: format
DEBUG: Skipping import/builtin binding: __doc__
DEBUG: Skipping import/builtin binding: aiter
DEBUG: Skipping import/builtin binding: SyntaxWarning
DEBUG: Skipping import/builtin binding: TimeoutError
DEBUG: Skipping import/builtin binding: abs
DEBUG: Skipping import/builtin binding: getattr
DEBUG: Skipping import/builtin binding: __name__
DEBUG: Adding function symbol: get_system_info
DEBUG: Skipping import/builtin binding: map
DEBUG: Skipping import/builtin binding: KeyError
DEBUG: Skipping import/builtin binding: exec
DEBUG: Skipping import/builtin binding: hasattr
DEBUG: Skipping import/builtin binding: super
DEBUG: Skipping import/builtin binding: __spec__
DEBUG: Skipping import/builtin binding: __package__
DEBUG: Skipping import/builtin binding: divmod
DEBUG: Skipping import/builtin binding: ConnectionAbortedError
DEBUG: Skipping import/builtin binding: dir
DEBUG: Skipping import/builtin binding: hash
DEBUG: Skipping import/builtin binding: KeyboardInterrupt
DEBUG: Skipping import/builtin binding: None
DEBUG: Skipping import/builtin binding: callable
DEBUG: Skipping import/builtin binding: EncodingWarning
DEBUG: Skipping import/builtin binding: SyntaxError
DEBUG: Skipping import/builtin binding: NameError
DEBUG: Skipping import/builtin binding: DeprecationWarning
DEBUG: Skipping import/builtin binding: ConnectionResetError
DEBUG: Skipping import/builtin binding: ExceptionGroup
DEBUG: Skipping import/builtin binding: OverflowError
DEBUG: Skipping import/builtin binding: NotImplementedError
DEBUG: Skipping import/builtin binding: PendingDeprecationWarning
DEBUG: Skipping import/builtin binding: UnicodeError
DEBUG: Skipping import/builtin binding: all
DEBUG: Skipping import/builtin binding: compile
DEBUG: Skipping import/builtin binding: sorted
DEBUG: Skipping import/builtin binding: WindowsError
DEBUG: Skipping import/builtin binding: ChildProcessError
DEBUG: Skipping import/builtin binding: True
DEBUG: Skipping import/builtin binding: breakpoint
DEBUG: Skipping import/builtin binding: bytes
DEBUG: Skipping import/builtin binding: type
DEBUG: Adding function symbol: calculate
DEBUG: Skipping import/builtin binding: GeneratorExit
DEBUG: Skipping import/builtin binding: quit
DEBUG: Skipping import/builtin binding: input
DEBUG: Skipping import/builtin binding: object
DEBUG: Skipping import/builtin binding: reversed
DEBUG: Skipping import/builtin binding: ResourceWarning
DEBUG: Skipping import/builtin binding: MemoryError
DEBUG: Skipping import/builtin binding: range
DEBUG: Skipping import/builtin binding: id
DEBUG: Skipping import/builtin binding: vars
DEBUG: Skipping import/builtin binding: open
DEBUG: Skipping import/builtin binding: filter
DEBUG: Skipping import/builtin binding: __import__
DEBUG: Skipping import/builtin binding: Exception
DEBUG: Skipping import/builtin binding: __debug__
DEBUG: Skipping import/builtin binding: AssertionError
DEBUG: Final extracted symbols: {"get_system_info", "calculate", "greet"}
SEMANTIC: Module 4 has symbols: {"get_system_info", "calculate", "greet"}
